
   WARN  Metadata found in doc-comment for method Tests\Feature\Users\LogoutUserNonaktifTest::user_nonaktif_otomatis_terlogout_dari_halaman_profil(). Metadata in doc-comments is deprecated and will no longer be supported in PHPUnit 12. Update your test code to use attributes instead.

   WARN  Metadata found in doc-comment for method Tests\Feature\Users\LogoutUserNonaktifTest::user_nonaktif_tidak_bisa_login(). Metadata in doc-comments is deprecated and will no longer be supported in PHPUnit 12. Update your test code to use attributes instead.

   WARN  Cannot add file E:\KULI AH\Semester\Semester 8\Tugas Akhir\Web 2\AzventoryWeb\tests\Feature\Users\LogoutUserNonaktifTest.php to test suite "Feature" as it was already added to test suite "Feature"

   PASS  Tests\Unit\Http\Requests\TesRequestForm
  Γ£ô store sparepart request lΓÇª 0.34s  
  Γ£ô store sparepart harga wajΓÇª 0.02s  
  Γ£ô store sparepart harga tidΓÇª 0.02s  
  Γ£ô store sparepart age harusΓÇª 0.02s  
  Γ£ô store sparepart stok tidaΓÇª 0.02s  
  Γ£ô update sparepart requestΓÇª  0.06s  
  Γ£ô update sparepart requestΓÇª  0.02s  
  Γ£ô store user request gagalΓÇª  0.02s  
  Γ£ô store user request gagalΓÇª  0.02s  
  Γ£ô store user request lolosΓÇª  0.02s  

   PASS  Tests\Unit\Inventory\TesLogikaStok
  Γ£ô periksa apakah stok rendaΓÇª 0.01s  
  Γ£ô periksa apakah stok aman
  Γ£ô logika stok tidak boleh negatif

   PASS  Tests\Unit\Inventory\TesServisQrCode
  Γ£ô generate menghasilkan filΓÇª 0.06s  
  Γ£ô generate menyimpan path qΓÇª 0.05s  
  Γ£ô get label filename menghaΓÇª 0.03s  
  Γ£ô generate label svg menghaΓÇª 0.05s  
  Γ£ô generate label svg meregeΓÇª 0.04s  

   PASS  Tests\Unit\Services\TesServisInventaris
  Γ£ô filter pencarian menemukaΓÇª 0.04s  
  Γ£ô filter pencarian menemukaΓÇª 0.02s  
  Γ£ô filter kategori menampilkΓÇª 0.02s  
  Γ£ô filter low stock hanya meΓÇª 0.02s  
  Γ£ô filter no price menampilkΓÇª 0.02s  
  Γ£ô filter trash menampilkanΓÇª  0.02s  
  Γ£ô sorting berdasarkan stokΓÇª  0.02s  
  Γ£ô sorting berdasarkan stokΓÇª  0.02s  
  Γ£ô get dropdown options mengΓÇª 0.03s  
  Γ£ô filter low stock tidak inΓÇª 0.03s  
  Γ£ô filter low stock tidak inΓÇª 0.02s  
  Γ£ô filter low stock hanya inΓÇª 0.02s  

   PASS  Tests\Unit\TesEvent
  Γ£ô stock critical event broaΓÇª 0.03s  
  Γ£ô stock critical event broaΓÇª 0.02s  
  Γ£ô stock critical event broaΓÇª 0.02s  
  Γ£ô stock critical event percΓÇª 0.02s  
  Γ£ô inventory updated event bΓÇª 0.02s  
  Γ£ô inventory updated event bΓÇª 0.02s  
  Γ£ô borrowing status changedΓÇª  0.03s  
  Γ£ô borrowing status changedΓÇª  0.02s  
  Γ£ô stock request event broadΓÇª 0.02s  
  Γ£ô stock request event broadΓÇª 0.02s  
  Γ£ô activity logged event berΓÇª 0.02s  

   PASS  Tests\Unit\TesKebijakanUnit
  Γ£ô borrowing policy semua roΓÇª 0.05s  
  Γ£ô borrowing policy admin biΓÇª 0.02s  
  Γ£ô borrowing policy operatorΓÇª 0.02s  
  Γ£ô borrowing policy hanya suΓÇª 0.02s  
  Γ£ô borrowing policy semua usΓÇª 0.02s  
  Γ£ô user policy hanya superadΓÇª 0.02s  
  Γ£ô user policy superadmin biΓÇª 0.02s  
  Γ£ô user policy user bisa melΓÇª 0.02s  
  Γ£ô user policy admin tidak bΓÇª 0.02s  

   PASS  Tests\Unit\TesKelasNotifikasi
  Γ£ô low stock notification beΓÇª 0.03s  
  Γ£ô low stock notification diΓÇª 0.02s  
  Γ£ô missing price notificatioΓÇª 0.02s  
  Γ£ô missing price notificatioΓÇª 0.02s  
  Γ£ô stock request notificatioΓÇª 0.02s  
  Γ£ô stock request notificatioΓÇª 0.02s  

   PASS  Tests\Unit\TesServisDashboard
  Γ£ô menghitung rentang tanggaΓÇª 0.02s  
  Γ£ô mengembalikan snapshot stΓÇª 0.02s  
  Γ£ô mengembalikan pergerakanΓÇª  0.02s  
  Γ£ô mengembalikan item terataΓÇª 0.02s  
  Γ£ô snapshot low stock tidakΓÇª  0.02s  
  Γ£ô snapshot low stock tidakΓÇª  0.02s  
  Γ£ô snapshot low stock includΓÇª 0.02s  
  Γ£ô recent activities menghorΓÇª 0.02s  

   PASS  Tests\Unit\TesServisGambar
  Γ£ô optimize and save mengonvΓÇª 0.35s  
  Γ£ô gambar kecil tidak di resΓÇª 0.08s  

   PASS  Tests\Feature\Users\LogoutUserNonaktifTest
  Γ£ô user nonaktif otomatis teΓÇª 0.10s  
  Γ£ô user nonaktif tidak bisaΓÇª  0.03s  

   PASS  Tests\Feature\Api\TesApiInventaris
  Γ£ô semua endpoint ditolak taΓÇª 0.03s  
  Γ£ô index mengembalikan daftaΓÇª 0.04s  
  Γ£ô index dengan filter searcΓÇª 0.02s  
  Γ£ô index dengan filter categΓÇª 0.03s  
  Γ£ô index dengan filter per pΓÇª 0.07s  
  Γ£ô index mengembalikan dataΓÇª  0.07s  
  Γ£ô show mengembalikan detailΓÇª 0.08s  
  Γ£ô show mengembalikan 404 jiΓÇª 0.07s  
  Γ£ô show mengembalikan struktΓÇª 0.07s  
  Γ£ô store berhasil membuat baΓÇª 0.07s  
  Γ£ô store berhasil dengan priΓÇª 0.06s  
  Γ£ô store gagal jika part numΓÇª 0.07s  
  Γ£ô store gagal jika field waΓÇª 0.07s  
  Γ£ô store gagal jika type tidΓÇª 0.06s  
  Γ£ô store gagal jika stock neΓÇª 0.05s  
  Γ£ô store gagal jika status tΓÇª 0.05s  
  Γ£ô update berhasil mengubahΓÇª  0.06s  
  Γ£ô update berhasil partial uΓÇª 0.07s  
  Γ£ô update mengembalikan 404ΓÇª  0.05s  
  Γ£ô update gagal jika part nuΓÇª 0.04s  
  Γ£ô update berhasil dengan paΓÇª 0.06s  
  Γ£ô destroy berhasil soft delΓÇª 0.06s  
  Γ£ô destroy mengembalikan 404ΓÇª 0.05s  
  Γ£ô barang yang sudah dihapusΓÇª 0.07s  
  Γ£ô adjust stock decrement beΓÇª 0.07s  
  Γ£ô adjust stock increment beΓÇª 0.05s  
  Γ£ô adjust stock gagal jika sΓÇª 0.06s  
  Γ£ô adjust stock gagal jika iΓÇª 0.05s  
  Γ£ô adjust stock gagal jika tΓÇª 0.06s  
  Γ£ô adjust stock gagal jika qΓÇª 0.07s  
  Γ£ô adjust stock tanpa tokenΓÇª  0.06s  
  Γ£ô adjust stock tanpa descriΓÇª 0.08s  
  Γ£ô adjust stock mengembalikaΓÇª 0.08s  
  Γ£ô adjust stock mengembalikaΓÇª 0.06s  
  Γ£ô admin dapat mengakses semΓÇª 0.05s  
  Γ£ô operator dapat mengaksesΓÇª  0.07s  

   PASS  Tests\Feature\Api\TesBatasRoleApi
  Γ£ô operator tidak dapat menaΓÇª 0.14s  
  Γ£ô operator tidak dapat mengΓÇª 0.06s  
  Γ£ô operator tidak dapat menyΓÇª 0.06s  
  Γ£ô operator tidak dapat mengΓÇª 0.06s  
  Γ£ô operator tetap dapat meliΓÇª 0.06s  

   PASS  Tests\Feature\Api\TesPenyesuaianStokApi
  Γ£ô regression adjust stock tΓÇª 0.07s  
  Γ£ô adjust stock decrement meΓÇª 0.06s  
  Γ£ô adjust stock decrement gaΓÇª 0.08s  
  Γ£ô adjust stock increment meΓÇª 0.05s  
  Γ£ô adjust stock gagal jika tΓÇª 0.05s  
  Γ£ô adjust stock gagal jika qΓÇª 0.06s  
  Γ£ô adjust stock gagal jika iΓÇª 0.05s  
  Γ£ô adjust stock gagal tanpaΓÇª  0.06s  
  Γ£ô adjust stock gagal denganΓÇª 0.05s  
  Γ£ô adjust stock mengembalikaΓÇª 0.06s  
  Γ£ô adjust stock menandai isΓÇª  0.07s  
  Γ£ô approved by diisi denganΓÇª  0.07s  

   PASS  Tests\Feature\Api\TesTokenApi
  Γ£ô superadmin dapat membuatΓÇª  0.08s  
  Γ£ô superadmin dapat membuatΓÇª  0.06s  
  Γ£ô pembuatan token gagal jikΓÇª 0.05s  
  Γ£ô admin tidak bisa membuatΓÇª  0.06s  
  Γ£ô operator tidak bisa membuΓÇª 0.04s  
  Γ£ô guest tidak bisa membuatΓÇª  0.04s  
  Γ£ô token yang dibuat superadΓÇª 0.05s  
  Γ£ô token yang dibuat superadΓÇª 0.07s  
  Γ£ô token salah ditolak dengaΓÇª 0.04s  
  Γ£ô request tanpa header otorΓÇª 0.04s  
  Γ£ô token format bearer harusΓÇª 0.05s  
  Γ£ô superadmin dapat mencabutΓÇª 0.06s  
  Γ£ô token yang dicabut tidakΓÇª  0.05s  
  Γ£ô superadmin tidak bisa menΓÇª 0.07s  
  Γ£ô admin tidak bisa mencabutΓÇª 0.05s  
  Γ£ô user baru tidak punya tokΓÇª 0.05s  
  Γ£ô setelah buat token jumlahΓÇª 0.06s  
  Γ£ô setelah cabut token jumlaΓÇª 0.05s  

   PASS  Tests\Feature\Auth\TesAutentikasi
  Γ£ô halaman login dapat tampiΓÇª 0.09s  
  Γ£ô user dapat otentikasi menΓÇª 0.06s  
  Γ£ô user tidak dapat otentikaΓÇª 0.26s  

   PASS  Tests\Feature\Auth\TesGantiPassword
  Γ£ô user baru dapat menggantiΓÇª 0.07s  
  Γ£ô username otomatis menjadiΓÇª 0.06s  
  Γ£ô username harus minimal 3ΓÇª  0.07s  
  Γ£ô username tidak boleh mengΓÇª 0.06s  
  Γ£ô user baru gagal ganti pasΓÇª 0.05s  
  Γ£ô user baru gagal jika passΓÇª 0.05s  
  Γ£ô user baru gagal jika passΓÇª 0.05s  
  Γ£ô user lama harus memasukkaΓÇª 0.06s  
  Γ£ô user lama gagal jika passΓÇª 0.05s  
  Γ£ô setelah ganti password suΓÇª 0.05s  

   PASS  Tests\Feature\Auth\TesKonfirmasiPassword
  Γ£ô halaman konfirmasi passwoΓÇª 0.07s  
  Γ£ô password dapat dikonfirmaΓÇª 0.05s  
  Γ£ô password tidak dikonfirmaΓÇª 0.27s  

   PASS  Tests\Feature\Auth\TesPaksaGantiPassword
  Γ£ô user baru diarahkan ke haΓÇª 0.06s  
  Γ£ô user dapat mengakses halaΓÇª 0.07s  
  Γ£ô user dengan password yangΓÇª 0.16s  

   WARN  Tests\Feature\Auth\TesRegistrasi
  - halaman registrasi dapatΓÇª  0.07s  
  - user baru dapat registrasΓÇª 0.04s  

   PASS  Tests\Feature\Auth\TesResetPassword
  Γ£ô halaman link reset passwoΓÇª 0.06s  
  Γ£ô link reset password dapatΓÇª 0.26s  
  Γ£ô halaman reset password daΓÇª 0.28s  
  Γ£ô password dapat direset deΓÇª 0.27s  

   PASS  Tests\Feature\Auth\TesUpdatePassword
  Γ£ô password dapat diperbarui  0.11s  
  Γ£ô password yang benar harusΓÇª 0.08s  

   PASS  Tests\Feature\Auth\TesVerifikasiEmail
  Γ£ô halaman verifikasi emailΓÇª  0.06s  
  Γ£ô email dapat diverifikasi   0.05s  
  Γ£ô email tidak diverifikasiΓÇª  0.06s  
  Γ£ô notifikasi verifikasi emaΓÇª 0.05s  

   PASS  Tests\Feature\Dashboard\TesAksesDashboard
  Γ£ô superadmin dapat mengakseΓÇª 0.19s  

   PASS  Tests\Feature\Dashboard\TesAnalitikDashboard
  Γ£ô dashboard menampilkan staΓÇª 0.22s  
  Γ£ô dashboard mengidentifikasΓÇª 0.18s  
  Γ£ô dashboard logika perhitunΓÇª 0.27s  
  Γ£ô dashboard filter tanggalΓÇª  0.07s  
  Γ£ô dashboard memvalidasi tanΓÇª 0.05s  
  Γ£ô dashboard memvalidasi renΓÇª 0.06s  

   PASS  Tests\Feature\Dashboard\TesDashboardOperator
  Γ£ô operator dapat mengaksesΓÇª  0.18s  
  Γ£ô dashboard operator memiliΓÇª 0.16s  

   PASS  Tests\Feature\Dashboard\TesDataPergerakanDashboard
  Γ£ô superadmin dapat mengakseΓÇª 0.06s  
  Γ£ô superadmin movement dataΓÇª  0.06s  
  Γ£ô superadmin movement dataΓÇª  0.06s  
  Γ£ô superadmin movement dataΓÇª  0.08s  
  Γ£ô operator tidak dapat mengΓÇª 0.06s  
  Γ£ô admin dapat mengakses endΓÇª 0.06s  
  Γ£ô admin movement data mengeΓÇª 0.06s  
  Γ£ô operator tidak dapat mengΓÇª 0.05s  

   PASS  Tests\Feature\General\TesAksesRute
  Γ£ô halaman publik dapat diakΓÇª 0.09s  
  Γ£ô rute terproteksi mengarahΓÇª 0.06s  
  Γ£ô superadmin dapat mengakseΓÇª 0.41s  
  Γ£ô operator memiliki akses tΓÇª 0.22s  
  Γ£ô dashboard mengarahkan sesΓÇª 0.07s  

   PASS  Tests\Feature\General\TesDetailHalaman
  Γ£ô superadmin dapat mengakseΓÇª 0.11s  
  Γ£ô admin dapat mengakses forΓÇª 0.11s  
  Γ£ô operator tidak dapat mengΓÇª 0.07s  
  Γ£ô superadmin dapat mengakseΓÇª 0.17s  
  Γ£ô superadmin dapat mengakseΓÇª 0.13s  
  Γ£ô admin tidak dapat mengaksΓÇª 0.08s  
  Γ£ô admin tidak dapat mengaksΓÇª 0.08s  
  Γ£ô operator tidak dapat mengΓÇª 0.10s  
  Γ£ô superadmin dapat mengakseΓÇª 0.19s  
  Γ£ô admin dapat mengakses detΓÇª 0.19s  
  Γ£ô operator dapat mengaksesΓÇª  0.22s  
  Γ£ô superadmin dapat mengakseΓÇª 0.21s  
  Γ£ô admin dapat mengakses hisΓÇª 0.18s  
  Γ£ô operator dapat mengaksesΓÇª  0.22s  
  Γ£ô superadmin dapat menggunaΓÇª 0.07s  
  Γ£ô admin dapat menggunakan gΓÇª 0.07s  
  Γ£ô operator dapat menggunakaΓÇª 0.07s  
  Γ£ô global search mengembalikΓÇª 0.08s  
  Γ£ô superadmin dapat mengakseΓÇª 0.07s  
  Γ£ô admin dapat mengakses admΓÇª 0.07s  
  Γ£ô operator tidak dapat mengΓÇª 0.07s  
  Γ£ô guest tidak dapat mengaksΓÇª 0.06s  
  Γ£ô guest tidak dapat mengaksΓÇª 0.06s  

   PASS  Tests\Feature\General\TesEndpointUnduh
  Γ£ô superadmin dapat mengunduΓÇª 0.13s  
  Γ£ô admin dapat mengunduh qrΓÇª  0.12s  
  Γ£ô operator dapat mengunduhΓÇª  0.11s  
  Γ£ô guest tidak dapat mengundΓÇª 0.08s  
  Γ£ô superadmin dapat mengakseΓÇª 0.10s  
  Γ£ô admin dapat mengakses halΓÇª 0.12s  
  Γ£ô operator dapat mengaksesΓÇª  0.07s  
  Γ£ô print qr mengembalikan 40ΓÇª 0.10s  
  Γ£ô guest tidak dapat mengaksΓÇª 0.09s  
  Γ£ô check part number mengembΓÇª 0.09s  
  Γ£ô check part number mengembΓÇª 0.07s  
  Γ£ô check part number dapat dΓÇª 0.09s  
  Γ£ô check part number dapat dΓÇª 0.08s  
  Γ£ô guest tidak dapat mengaksΓÇª 0.10s  

   PASS  Tests\Feature\General\TesEventRealtime
  Γ£ô event inventory updated dΓÇª 0.28s  
  Γ£ô event stock critical dipiΓÇª 0.22s  

   PASS  Tests\Feature\General\TesHalamanUtama
  Γ£ô halaman landing dapat diaΓÇª 0.05s  
  Γ£ô halaman landing memilikiΓÇª  0.06s  
  Γ£ô halaman landing memilikiΓÇª  0.05s  
  Γ£ô halaman landing memilikiΓÇª  0.05s  

   PASS  Tests\Feature\General\TesKeamanan
  Γ£ô operator tidak dapat mengΓÇª 0.09s  
  Γ£ô admin tidak dapat mengaksΓÇª 0.06s  
  Γ£ô user tanpa autentikasi diΓÇª 0.07s  
  Γ£ô operator tidak dapat melaΓÇª 0.07s  
  Γ£ô operator dapat mengaksesΓÇª  0.12s  
  Γ£ô operator tidak dapat mengΓÇª 0.07s  
  Γ£ô admin dapat mengakses dasΓÇª 0.10s  
  Γ£ô superadmin dapat mengakseΓÇª 0.28s  
  Γ£ô operator tidak dapat mengΓÇª 0.06s  
  Γ£ô admin tidak dapat mengaksΓÇª 0.09s  

   PASS  Tests\Feature\General\TesKesehatanHalaman
  Γ£ô periksa semua halaman utaΓÇª 0.56s  
  Γ£ô periksa semua halaman utaΓÇª 0.28s  
  Γ£ô periksa semua halaman utaΓÇª 0.39s  
  Γ£ô periksa halaman detail inΓÇª 0.20s  

   PASS  Tests\Feature\General\TesKetersediaanHalaman
  Γ£ô superadmin dapat mengakseΓÇª 0.09s  
  Γ£ô superadmin dapat mengakseΓÇª 0.12s  
  Γ£ô superadmin dapat mengakseΓÇª 0.08s  
  Γ£ô superadmin dapat mengakseΓÇª 0.08s  
  Γ£ô superadmin dapat mengakseΓÇª 0.08s  
  Γ£ô superadmin dapat mengakseΓÇª 0.07s  
  Γ£ô admin dapat mengakses halΓÇª 0.07s  
  Γ£ô admin dapat mengakses halΓÇª 0.10s  
  Γ£ô admin dapat mengakses halΓÇª 0.08s  
  Γ£ô admin dapat mengakses halΓÇª 0.10s  
  Γ£ô admin dapat mengakses halΓÇª 0.10s  
  Γ£ô admin tidak dapat mengaksΓÇª 0.06s  
  Γ£ô admin tidak dapat mengaksΓÇª 0.09s  
  Γ£ô admin tidak dapat membuatΓÇª 0.08s  
  Γ£ô operator dapat mengaksesΓÇª  0.11s  
  Γ£ô operator dapat mengaksesΓÇª  0.11s  
  Γ£ô operator dapat mengaksesΓÇª  0.07s  
  Γ£ô operator tidak dapat mengΓÇª 0.06s  
  Γ£ô operator tidak dapat membΓÇª 0.08s  
  Γ£ô operator tidak dapat mengΓÇª 0.06s  
  Γ£ô operator tidak dapat mengΓÇª 0.07s  
  Γ£ô operator tidak dapat mengΓÇª 0.08s  
  Γ£ô guest tidak dapat mengaksΓÇª 0.06s  
  Γ£ô guest tidak dapat mengaksΓÇª 0.06s  
  Γ£ô guest tidak dapat mengaksΓÇª 0.05s  
{#10307
  +"auth": "610485fdc2e42ca343be:ac403e4d1604507a45db3f678b8ddce29c0d3ffb7b1492648059007fea3e1b4a"
} // vendor\laravel\framework\src\Illuminate\Testing\TestResponse.php:1849

   PASS  Tests\Feature\General\TesKoneksiPusher
  Γ£ô driver broadcast diatur kΓÇª 0.11s  
  Γ£ô konfigurasi pusher tersedΓÇª 0.05s  
  Γ£ô memancarkan event inventoΓÇª 0.09s  
  Γ£ô endpoint auth broadcastinΓÇª 0.07s  

   PASS  Tests\Feature\General\TesLogikaJob
  Γ£ô generate report job menghΓÇª 1.40s  
  Γ£ô export activity log job mΓÇª 1.40s  

   PASS  Tests\Feature\General\TesLokalisasi
  Γ£ô tampilan guest terlokalisΓÇª 0.06s  
  Γ£ô tampilan superadmin terloΓÇª 0.39s  

   PASS  Tests\Feature\General\TesMiddleware
  Γ£ô role middleware menolak aΓÇª 0.07s  
  Γ£ô role middleware mengizinkΓÇª 0.28s  
  Γ£ô role middleware logout daΓÇª 0.07s  
  Γ£ô role middleware admin dapΓÇª 0.13s  
  Γ£ô role middleware operatorΓÇª  0.06s  
  Γ£ô middleware password changΓÇª 0.06s  
  Γ£ô middleware password changΓÇª 0.25s  

   PASS  Tests\Feature\General\TesPencarianGlobal
  Γ£ô pencarian terlalu pendekΓÇª  0.06s  
  Γ£ô pencarian sparepart mengeΓÇª 0.06s  
  Γ£ô pencarian tidak mengembalΓÇª 0.08s  
  Γ£ô superadmin dapat mencariΓÇª  0.09s  
  Γ£ô pencarian mengembalikan mΓÇª 0.08s  
  Γ£ô pencarian tanpa autentikaΓÇª 0.06s  

   PASS  Tests\Feature\General\TesPerintahKonsol
  Γ£ô command kirim notifikasiΓÇª  0.10s  
  Γ£ô command cleanup logs mengΓÇª 0.07s  
  Γ£ô command activitylog cleanΓÇª 0.07s  

   PASS  Tests\Feature\General\TesPerintahTambahan
  Γ£ô perintah generate qr codeΓÇª 0.17s  
  Γ£ô perintah generate qr codeΓÇª 0.15s  
  Γ£ô perintah generate qr codeΓÇª 0.08s  
  Γ£ô perintah create api tokenΓÇª 0.06s  
  Γ£ô perintah create api tokenΓÇª 0.06s  

   PASS  Tests\Feature\General\TesUIFrontend
  Γ£ô operator tidak dapat meliΓÇª 0.13s  
  Γ£ô admin dapat melihat editΓÇª  0.07s  
  Γ£ô operator melihat widget dΓÇª 0.33s  
  Γ£ô tampilan indeks inventariΓÇª 0.12s  

   PASS  Tests\Feature\Inventory\TesAksiMassalInventaris
  Γ£ô superadmin dapat memulihkΓÇª 0.09s  
  Γ£ô superadmin dapat menghapuΓÇª 0.07s  
  Γ£ô operator tidak dapat memuΓÇª 0.07s  
  Γ£ô operator tidak dapat mengΓÇª 0.08s  

   PASS  Tests\Feature\Inventory\TesCrudInventaris
  Γ£ô daftar inventaris dapat tΓÇª 0.13s  
  Γ£ô dapat membuat sparepart bΓÇª 0.15s  
  Γ£ô dapat memperbarui stok spΓÇª 0.10s  
  Γ£ô dapat menghapus sparepart  0.05s  
  Γ£ô superadmin dapat memeriksΓÇª 0.09s  

   PASS  Tests\Feature\Inventory\TesDetailPeminjaman
  Γ£ô halaman detail peminjamanΓÇª 0.27s  
  Γ£ô halaman detail peminjamanΓÇª 0.24s  
  Γ£ô halaman detail peminjamanΓÇª 0.07s  
  Γ£ô endpoint history mengembaΓÇª 0.21s  
  Γ£ô endpoint history mengembaΓÇª 0.19s  
  Γ£ô endpoint history tidak daΓÇª 0.07s  
  Γ£ô endpoint history mengembaΓÇª 0.22s  

   PASS  Tests\Feature\Inventory\TesInputJumlah
  Γ£ô input stok halaman tambahΓÇª 0.09s  
  Γ£ô halaman show alpine mengiΓÇª 0.24s  

   PASS  Tests\Feature\Inventory\TesInventarisLengkap
  Γ£ô item duplikat menggabungkΓÇª 0.06s  
  Γ£ô item duplikat menampilkanΓÇª 0.06s  
  Γ£ô buat item baru memvalidasΓÇª 0.05s  

   PASS  Tests\Feature\Inventory\TesItemDuplikat
  Γ£ô stok digabungkan ketika dΓÇª 0.14s  
  Γ£ô membuat item baru jika saΓÇª 0.14s  

   PASS  Tests\Feature\Inventory\TesKasusBatasInventaris
  Γ£ô sistem mencegah input stoΓÇª 0.06s  
  Γ£ô sistem mencegah stok negaΓÇª 0.07s  
  Γ£ô tidak dapat menghapus iteΓÇª 0.06s  
  Γ£ô menggabungkan stok jika nΓÇª 0.06s  
  Γ£ô sistem mencegah bypass vaΓÇª 0.06s  
  Γ£ô sistem mencegah kondisi mΓÇª 0.05s  
  Γ£ô sistem mencegah tipe dataΓÇª 0.07s  
  Γ£ô user tidak dapat meminjamΓÇª 0.08s  
  Γ£ô operator hanya dapat meliΓÇª 0.12s  

   PASS  Tests\Feature\Inventory\TesKasusBatasPersetujuanStok
  Γ£ô operator tidak dapat mengΓÇª 0.10s  
  Γ£ô superadmin dapat menolakΓÇª  0.10s  
  Γ£ô admin dapat menolak permiΓÇª 0.07s  
  Γ£ô persetujuan stok masuk meΓÇª 0.08s  
  Γ£ô persetujuan stok keluar mΓÇª 0.07s  
  Γ£ô persetujuan keluar ditolaΓÇª 0.08s  
  Γ£ô persetujuan stok tidak daΓÇª 0.08s  
  Γ£ô bulk approve memproses seΓÇª 0.10s  
  Γ£ô bulk reject tanpa alasanΓÇª  0.08s  
  Γ£ô bulk reject dengan alasanΓÇª 0.07s  

   PASS  Tests\Feature\Inventory\TesKebijakanInventaris
  Γ£ô superadmin dapat mengakseΓÇª 0.57s  
  Γ£ô admin dapat mengakses sebΓÇª 0.25s  
  Γ£ô operator hanya dapat meliΓÇª 0.36s  

   PASS  Tests\Feature\Inventory\TesKonfirmasiPenggabungan
  Γ£ô edit barang tanpa duplikaΓÇª 0.13s  
  Γ£ô edit barang yang menjadiΓÇª  0.06s  
  Γ£ô user pilih merge stock beΓÇª 0.07s  
  Γ£ô user pilih keep separateΓÇª  0.10s  
  Γ£ô merge transfer borrowingΓÇª  0.08s  
  Γ£ô cannot merge if item currΓÇª 0.06s  

   PASS  Tests\Feature\Inventory\TesLokasiDinamis
  Γ£ô lokasi default selalu ada  0.07s  
  Γ£ô lokasi baru tersimpan danΓÇª 0.13s  
  Γ£ô lokasi default tidak duplΓÇª 0.09s  
  Γ£ô superadmin dapat mengakseΓÇª 0.11s  
  Γ£ô admin dapat mengakses halΓÇª 0.08s  
  Γ£ô operator tidak dapat mengΓÇª 0.06s  

   PASS  Tests\Feature\Inventory\TesManajemenBrand
  Γ£ô superadmin dapat melihatΓÇª  0.06s  
  Γ£ô superadmin dapat menyimpaΓÇª 0.05s  
  Γ£ô superadmin dapat mengubahΓÇª 0.10s  
  Γ£ô superadmin tidak dapat meΓÇª 0.07s  
  Γ£ô superadmin dapat menghapuΓÇª 0.07s  
  Γ£ô operator tidak dapat mengΓÇª 0.07s  

   PASS  Tests\Feature\Inventory\TesManajemenKategori
  Γ£ô superadmin dapat melihatΓÇª  0.06s  
  Γ£ô superadmin dapat menyimpaΓÇª 0.06s  
  Γ£ô superadmin dapat mengubahΓÇª 0.08s  
  Γ£ô superadmin tidak dapat meΓÇª 0.07s  
  Γ£ô superadmin dapat menghapuΓÇª 0.08s  
  Γ£ô operator tidak dapat mengΓÇª 0.08s  

   PASS  Tests\Feature\Inventory\TesManajemenLokasi
  Γ£ô superadmin dapat melihatΓÇª  0.09s  
  Γ£ô superadmin dapat menyimpaΓÇª 0.08s  
  Γ£ô superadmin dapat mengubahΓÇª 0.06s  
  Γ£ô superadmin tidak dapat meΓÇª 0.08s  
  Γ£ô superadmin dapat menghapuΓÇª 0.05s  
  Γ£ô operator tidak dapat mengΓÇª 0.07s  

   PASS  Tests\Feature\Inventory\TesOptimasiDanAksiInventaris
  Γ£ô superadmin dapat mengubahΓÇª 0.12s  
  Γ£ô item brand nonaktif tidakΓÇª 0.15s  
  Γ£ô admin dapat menjalankan hΓÇª 0.08s  
  Γ£ô cetak label massal dapatΓÇª  0.08s  
  Γ£ô admin dibatasi akses halaΓÇª 0.07s  
  Γ£ô admin dibatasi akses restΓÇª 0.09s  

   PASS  Tests\Feature\Inventory\TesPeminjaman
  Γ£ô superadmin dapat meminjamΓÇª 0.10s  
  Γ£ô superadmin tidak dapat meΓÇª 0.06s  
  Γ£ô superadmin dapat mengembaΓÇª 0.09s  

   PASS  Tests\Feature\Inventory\TesPeminjamanKompleks
  Γ£ô pengembalian parsial bertΓÇª 0.08s  
  Γ£ô integritas data saat baraΓÇª 0.06s  
  Γ£ô integritas data saat userΓÇª 0.06s  

   PASS  Tests\Feature\Inventory\TesPencetakanLabel
  Γ£ô superadmin dapat mengakseΓÇª 0.08s  
  Γ£ô admin dapat mengakses halΓÇª 0.08s  
  Γ£ô superadmin dapat mengakseΓÇª 0.10s  
  Γ£ô halaman cetak banyak memeΓÇª 0.09s  
  Γ£ô operator dapat mengaksesΓÇª  0.10s  
  Γ£ô halaman cetak satuan rediΓÇª 0.09s  
  Γ£ô operator tidak dapat mengΓÇª 0.11s  
  Γ£ô operator tidak dapat menjΓÇª 0.09s  
  Γ£ô cetak banyak dibatasi makΓÇª 0.08s  
  Γ£ô pencetakan mencatat log aΓÇª 0.07s  
  Γ£ô hanya user terautentikasiΓÇª 0.08s  

   PASS  Tests\Feature\Inventory\TesPengembalianPinjaman
  Γ£ô validasi pengembalian iteΓÇª 0.10s  
  Γ£ô validasi pengembalian iteΓÇª 0.05s  
  Γ£ô pengembalian item berhasiΓÇª 0.07s  
  Γ£ô pengembalian item denganΓÇª  0.09s  

   PASS  Tests\Feature\Inventory\TesPenyesuaianStokApi
  Γ£ô api adjust stock decremenΓÇª 0.06s  
  Γ£ô api adjust stock incremenΓÇª 0.08s  
  Γ£ô api adjust stock gagal jiΓÇª 0.07s  
  Γ£ô api adjust stock ditolakΓÇª  0.06s  
  Γ£ô api adjust stock gagal jiΓÇª 0.07s  
  Γ£ô api adjust stock validasiΓÇª 0.07s  

   PASS  Tests\Feature\Inventory\TesPermintaanStok
  Γ£ô operator dapat mengajukanΓÇª 0.10s  
  Γ£ô operator dapat mengajukanΓÇª 0.09s  
  Γ£ô admin mengajukan stok masΓÇª 0.06s  
  Γ£ô superadmin mengajukan stoΓÇª 0.08s  
  Γ£ô pengajuan stok keluar gagΓÇª 0.06s  
  Γ£ô validasi gagal jika quantΓÇª 0.06s  
  Γ£ô validasi gagal jika reasoΓÇª 0.08s  

   PASS  Tests\Feature\Inventory\TesPersetujuanStok
  Γ£ô superadmin dapat melihatΓÇª  0.09s  
  Γ£ô superadmin dapat menyetujΓÇª 0.06s  
  Γ£ô superadmin dapat menolakΓÇª  0.06s  
  Γ£ô reject tanpa alasan gagalΓÇª 0.06s  
  Γ£ô reject menyimpan alasan dΓÇª 0.06s  
  Γ£ô pesan success approve berΓÇª 0.07s  
  Γ£ô halaman approval mendukunΓÇª 0.09s  
  Γ£ô halaman approval mendukunΓÇª 0.08s  
  Γ£ô rejection reason maksimalΓÇª 0.09s  
  Γ£ô notifikasi operator mengaΓÇª 0.08s  
  Γ£ô filter kombinasi search dΓÇª 0.12s  
  Γ£ô halaman approval mendukunΓÇª 0.17s  

   PASS  Tests\Feature\Inventory\TesServisInventarisTahap5
  Γ£ô create borrowing otomatisΓÇª 0.09s  
  Γ£ô return borrowing good conΓÇª 0.06s  
  Γ£ô approve stock request menΓÇª 0.08s  
  Γ£ô bulk approve via controllΓÇª 0.09s  
  Γ£ô approve stock request kelΓÇª 0.07s  

   PASS  Tests\Feature\Inventory\TesTransaksiInventaris
  Γ£ô membuat sparepart membuatΓÇª 0.08s  
  Γ£ô memperbarui sparepart danΓÇª 0.08s  
  Γ£ô menghapus lunak sparepartΓÇª 0.07s  
  Γ£ô memulihkan sparepart danΓÇª  0.07s  
  Γ£ô menghapus permanen sparepΓÇª 0.08s  
  Γ£ô menangani penggabungan enΓÇª 0.08s  

   PASS  Tests\Feature\Inventory\TesValidasiInventaris
  Γ£ô guest tidak bisa akses inΓÇª 0.08s  
  Γ£ô guest tidak bisa akses inΓÇª 0.08s  
  Γ£ô guest tidak bisa akses inΓÇª 0.09s  
  Γ£ô store inventory gagal jikΓÇª 0.06s  
  Γ£ô store inventory gagal jikΓÇª 0.06s  
  Γ£ô store inventory gagal jikΓÇª 0.06s  
  Γ£ô operator tidak bisa mengaΓÇª 0.06s  
  Γ£ô operator tidak bisa menghΓÇª 0.05s  
  Γ£ô semua role dapat melihatΓÇª  0.38s  
  Γ£ô superadmin dapat mengakseΓÇª 0.08s  
  Γ£ô superadmin dapat mendownlΓÇª 0.12s  
  Γ£ô superadmin dapat memulihkΓÇª 0.08s  
  Γ£ô superadmin dapat hapus peΓÇª 0.07s  
  Γ£ô inventory tidak bisa dihaΓÇª 0.06s  
  Γ£ô operator tidak bisa menggΓÇª 0.11s  
  Γ£ô superadmin dan admin bisaΓÇª 0.21s  

   PASS  Tests\Feature\Notifications\TesKontrollerNotifikasi
  Γ£ô halaman notifikasi dapatΓÇª  0.17s  
  Γ£ô halaman notifikasi tidakΓÇª  0.07s  
  Γ£ô api notifikasi mengembaliΓÇª 0.08s  
  Γ£ô pengguna dapat menandai sΓÇª 0.08s  
  Γ£ô pengguna dapat menandai sΓÇª 0.08s  
  Γ£ô api mark all read mengembΓÇª 0.08s  
  Γ£ô pengguna tidak dapat menaΓÇª 0.08s  

   PASS  Tests\Feature\Notifications\TesLogikaNotifikasi
  Γ£ô notifikasi stok rendah diΓÇª 0.10s  
  Γ£ô notifikasi harga kosong dΓÇª 0.14s  

   PASS  Tests\Feature\Notifications\TesNotifikasi
  Γ£ô superadmin dapat melihatΓÇª  0.32s  
  Γ£ô superadmin dapat menandaiΓÇª 0.05s  
  Γ£ô notifikasi stok rendah daΓÇª 0.05s  

   FAIL  Tests\Feature\Profile\TesKasusBatasProfil
  Γ£ô profil dapat diakses seteΓÇª 0.10s  
  Γ£ô profil tidak dapat diakseΓÇª 0.05s  
  Γ£ô user dapat mengupdate namΓÇª 0.07s  
  Γ£ô update profil gagal jikaΓÇª  0.06s  
  Γ£ô user tidak bisa hapus akuΓÇª 0.08s  
  Γ¿» user dapat mengupload avaΓÇª 2.69s  
  Γ£ô halaman my inventory hanyΓÇª 0.08s  

   PASS  Tests\Feature\Profile\TesKontrollerTokenApi
  Γ£ô superadmin dapat membuatΓÇª  0.06s  
  Γ£ô admin tidak dapat membuatΓÇª 0.10s  
  Γ£ô membuat api token gagal jΓÇª 0.08s  
  Γ£ô membuat api token gagal tΓÇª 0.05s  
  Γ£ô superadmin dapat mencabutΓÇª 0.05s  
  Γ£ô superadmin tidak bisa menΓÇª 0.08s  
  Γ£ô admin tidak dapat mencabuΓÇª 0.08s  

   PASS  Tests\Feature\Profile\TesProfil
  Γ£ô halaman profil dapat tampΓÇª 0.13s  
  Γ£ô informasi profil dapat diΓÇª 0.08s  
  Γ£ô status verifikasi email tΓÇª 0.07s  
  Γ£ô user dapat menghapus akunΓÇª 0.08s  
  Γ£ô password yang benar harusΓÇª 0.09s  
  Γ£ô halaman inventaris saya dΓÇª 0.10s  
  Γ£ô superadmin terakhir tidakΓÇª 0.07s  
  Γ£ô superadmin dapat menghapuΓÇª 0.07s  
  Γ£ô foto profil dapat dihapus  0.07s  
  Γ£ô user tidak dapat menghapuΓÇª 0.10s  
  Γ£ô update profile dengan nomΓÇª 0.07s  
  Γ£ô update password sama dengΓÇª 0.08s  
  Γ£ô update username dengan foΓÇª 0.05s  
  Γ£ô username otomatis menjadiΓÇª 0.06s  
  Γ£ô username minimal 3 karaktΓÇª 0.06s  

   PASS  Tests\Feature\Profile\TesProfilLanjutan
  Γ£ô halaman my inventory dapaΓÇª 0.15s  
  Γ£ô halaman my inventory tidaΓÇª 0.06s  
  Γ£ô halaman my inventory menaΓÇª 0.08s  
  Γ£ô halaman my inventory tidaΓÇª 0.08s  
  Γ£ô user dapat memperbarui seΓÇª 0.07s  
  Γ£ô update settings menggabunΓÇª 0.07s  
  Γ£ô update settings gagal jikΓÇª 0.07s  
  Γ£ô update settings tidak dapΓÇª 0.07s  
  Γ£ô halaman scan qr dapat diaΓÇª 0.09s  
  Γ£ô halaman scan qr tidak dapΓÇª 0.06s  

   PASS  Tests\Feature\Reports\TesAudit
  Γ£ô indeks inventaris menggunΓÇª 0.16s  
  Γ£ô pembuatan laporan pdf dimΓÇª 0.07s  
  Γ£ô pembuatan laporan excel dΓÇª 0.30s  

   PASS  Tests\Feature\Reports\TesCakupanLogAktivitas
  Γ£ô operator hanya melihat loΓÇª 0.42s  
  Γ£ô admin tidak bisa melihatΓÇª  0.42s  
  Γ£ô superadmin bisa melihat sΓÇª 0.40s  
  Γ£ô filter berdasarkan tanggaΓÇª 0.44s  
  Γ£ô operator tidak dapat mengΓÇª 0.10s  

   WARN  Tests\Feature\Reports\TesIntegritasEkspor
  ΓÇª isi file excel inventarisΓÇª 0.23s  

   PASS  Tests\Feature\Reports\TesKontrollerLaporan
  Γ£ô superadmin dapat mengakseΓÇª 0.14s  
  Γ£ô admin dapat mengakses halΓÇª 0.08s  
  Γ£ô operator tidak dapat mengΓÇª 0.07s  
  Γ£ô download pdf mendispatchΓÇª  0.05s  
  Γ£ô download excel inventoryΓÇª  0.14s  
  Γ£ô download excel stock mutaΓÇª 0.11s  
  Γ£ô download excel borrowingΓÇª  0.09s  
  Γ£ô download excel low stockΓÇª  0.11s  
  Γ£ô superadmin dapat mengakseΓÇª 0.13s  
  Γ£ô export activity log pdf mΓÇª 0.06s  
  Γ£ô export activity log excelΓÇª 0.09s  
  Γ£ô download dengan tanggal tΓÇª 0.06s  
  Γ£ô download pdf menampilkanΓÇª  0.06s  

   PASS  Tests\Feature\Reports\TesLaporan
  Γ£ô superadmin dapat mengunduΓÇª 0.11s  
  Γ£ô superadmin dapat mengunduΓÇª 0.14s  
  Γ£ô superadmin dapat mengakseΓÇª 0.11s  
  Γ£ô superadmin dapat mengakseΓÇª 0.09s  

   PASS  Tests\Feature\Reports\TesLaporanSistemOtomatis
  Γ£ô perintah laporan bulananΓÇª  0.50s  

   PASS  Tests\Feature\Reports\TesLogAktivitas
  Γ£ô dapat memfilter log berdaΓÇª 0.49s  
  Γ£ô dapat mengekspor log ke eΓÇª 0.13s  
  Γ£ô ekspor pdf mendorong jobΓÇª  0.06s  

   PASS  Tests\Feature\Reports\TesPeningkatanLogAktivitas
  Γ£ô log aktivitas dapat disimΓÇª 0.37s  
  Γ£ô filter subject type mengeΓÇª 0.41s  
  Γ£ô memancarkan event activitΓÇª 0.05s  

   PASS  Tests\Feature\Roles\TesRoleAdmin
  Γ£ô admin dapat mengakses dasΓÇª 0.11s  
  Γ£ô admin tidak dapat mengaksΓÇª 0.10s  
  Γ£ô admin dapat mengakses dasΓÇª 0.43s  
  Γ£ô admin dapat mengakses dafΓÇª 0.12s  
  Γ£ô admin dapat mengakses perΓÇª 0.09s  
  Γ£ô admin dapat mengakses lapΓÇª 0.10s  
  Γ£ô admin dapat mengakses logΓÇª 0.11s  
  Γ£ô admin tidak dapat mengaksΓÇª 0.06s  
  Γ£ô admin dapat membuat invenΓÇª 0.06s  
  Γ£ô admin dapat memperbarui iΓÇª 0.06s  
  Γ£ô admin dapat menghapus lunΓÇª 0.06s  
  Γ£ô admin tidak dapat memulihΓÇª 0.06s  
  Γ£ô admin tidak dapat menghapΓÇª 0.06s  
  Γ£ô admin tidak dapat memulihΓÇª 0.08s  
  Γ£ô admin tidak dapat menghapΓÇª 0.06s  
  Γ£ô admin dapat meminta stok   0.06s  
  Γ£ô admin dapat meminjam item  0.06s  
  Γ£ô admin dapat mengakses proΓÇª 0.11s  
  Γ£ô admin dapat mengakses tamΓÇª 0.11s  
  Γ£ô admin dapat mengakses detΓÇª 0.46s  
  Γ£ô admin dapat mengakses ediΓÇª 0.11s  
  Γ£ô admin dapat mengakses scaΓÇª 0.13s  
  Γ£ô admin dapat memeriksa nomΓÇª 0.08s  
  Γ£ô admin dapat mengunduh qrΓÇª  0.07s  
  Γ£ô admin dapat mencetak qr cΓÇª 0.06s  
  Γ£ô admin dapat mengakses riwΓÇª 0.37s  
  Γ£ô admin dapat mengakses detΓÇª 0.48s  
  Γ£ô admin dapat mengembalikanΓÇª 0.09s  
  Γ£ô admin dapat mengunduh lapΓÇª 0.06s  
  Γ£ô admin dapat mengakses datΓÇª 0.05s  

   PASS  Tests\Feature\Roles\TesRoleOperator
  Γ£ô operator dapat mengaksesΓÇª  0.50s  
  Γ£ô operator tidak dapat mengΓÇª 0.06s  
  Γ£ô operator tidak dapat mengΓÇª 0.08s  
  Γ£ô operator dapat mengaksesΓÇª  0.11s  
  Γ£ô operator tidak dapat mengΓÇª 0.07s  
  Γ£ô operator tidak dapat mengΓÇª 0.08s  
  Γ£ô operator dapat mengaksesΓÇª  0.09s  
  Γ£ô operator tidak dapat mengΓÇª 0.08s  
  Γ£ô operator tidak dapat membΓÇª 0.06s  
  Γ£ô operator tidak dapat mempΓÇª 0.08s  
  Γ£ô operator tidak dapat mengΓÇª 0.06s  
  Γ£ô operator tidak dapat memuΓÇª 0.06s  
  Γ£ô operator tidak dapat mengΓÇª 0.11s  
  Γ£ô operator tidak dapat memuΓÇª 0.05s  
  Γ£ô operator tidak dapat mengΓÇª 0.09s  
  Γ£ô operator dapat meminta stΓÇª 0.09s  
  Γ£ô operator dapat meminjam iΓÇª 0.09s  
  Γ£ô operator dapat mengaksesΓÇª  0.16s  
  Γ£ô operator tidak dapat mengΓÇª 0.08s  
  Γ£ô operator dapat mengaksesΓÇª  0.50s  
  Γ£ô operator tidak dapat mengΓÇª 0.07s  
  Γ£ô operator dapat mengaksesΓÇª  0.10s  
  Γ£ô operator dapat memeriksaΓÇª  0.07s  
  Γ£ô operator dapat mengunduhΓÇª  0.06s  
  Γ£ô operator dapat mencetak qΓÇª 0.07s  
  Γ£ô operator dapat mengaksesΓÇª  0.47s  
  Γ£ô operator dapat mengaksesΓÇª  0.49s  
  Γ£ô operator dapat mengembaliΓÇª 0.08s  
  Γ£ô operator tidak dapat mengΓÇª 0.07s  

   PASS  Tests\Feature\Roles\TesRoleSuperadmin
  Γ£ô superadmin dapat mengakseΓÇª 0.68s  
  Γ£ô superadmin dapat mengakseΓÇª 0.07s  
  Γ£ô superadmin dapat mengakseΓÇª 0.06s  
  Γ£ô superadmin dapat mengakseΓÇª 0.18s  
  Γ£ô superadmin dapat mengakseΓÇª 0.13s  
  Γ£ô superadmin dapat mengakseΓÇª 0.16s  

   PASS  Tests\Feature\TesBroadcastingDanKonkurensi
  Γ£ô otorisasi channel privatΓÇª  0.07s  
  Γ£ô pembaruan inventaris mendΓÇª 0.06s  
  Γ£ô pessimistic locking menceΓÇª 0.07s  

   PASS  Tests\Feature\TesIntegritasLaporan
  Γ£ô job laporan pdf menggunakΓÇª 0.05s  

   PASS  Tests\Feature\TesInventarisRealTime
  Γ£ô mengirim event inventoryΓÇª  0.47s  
  Γ£ô mengirim event stock apprΓÇª 0.49s  
  Γ£ô mengirim event stock apprΓÇª 0.46s  

   PASS  Tests\Feature\TesNotifikasiStokMenipis
  Γ£ô approaching stock notificΓÇª 0.08s  
  Γ£ô approaching notificationΓÇª  0.07s  

   PASS  Tests\Feature\TesPenguatanAkhir
  Γ£ô pwa manifest and meta tagΓÇª 0.05s  
  Γ£ô offline page is accessiblΓÇª 0.05s  
  Γ£ô cannot mass assign sensitΓÇª 0.04s  
  Γ£ô borrowing status protectiΓÇª 0.04s  
  Γ£ô dashboard query count isΓÇª  0.72s  
  Γ£ô stock only changes when lΓÇª 0.09s  

   PASS  Tests\Feature\TesPeningkatanDashboard
  Γ£ô ia dapat memperbarui pengΓÇª 0.08s  
  Γ£ô service dashboard menangaΓÇª 0.06s  
  Γ£ô modal aktivitas dapat dikΓÇª 0.55s  

   PASS  Tests\Feature\Users\TesAksesUser
  Γ£ô operator tidak dapat meliΓÇª 0.08s  
  Γ£ô admin tidak dapat melihatΓÇª 0.08s  
  Γ£ô operator tidak dapat membΓÇª 0.07s  
  Γ£ô operator tidak dapat mengΓÇª 0.06s  

   PASS  Tests\Feature\Users\TesKasusBatasUser
  Γ£ô superadmin dapat melihatΓÇª  0.43s  
  Γ£ô superadmin dapat melihatΓÇª  0.08s  
  Γ£ô halaman daftar user tidakΓÇª 0.07s  
  Γ£ô superadmin dapat melihatΓÇª  0.10s  
  Γ£ô superadmin dapat mencariΓÇª  0.13s  
  Γ£ô superadmin dapat memfilteΓÇª 0.11s  
  Γ£ô superadmin tidak dapat meΓÇª 0.08s  
  Γ£ô user tidak dapat dihapusΓÇª  0.08s  
  Γ£ô superadmin dapat menghapuΓÇª 0.07s  
  Γ£ô superadmin dapat memulihkΓÇª 0.05s  
  Γ£ô superadmin dapat hapus peΓÇª 0.06s  
  Γ£ô force delete user gagal jΓÇª 0.05s  
  Γ£ô superadmin dapat mengakseΓÇª 0.07s  
  Γ£ô superadmin dapat memulihkΓÇª 0.08s  
  Γ£ô superadmin dapat menghapuΓÇª 0.09s  

   PASS  Tests\Feature\Users\TesManajemenUser
  Γ£ô superadmin dapat melihatΓÇª  0.16s  
  Γ£ô superadmin dapat membuatΓÇª  0.07s  
  Γ£ô superadmin dapat membuatΓÇª  0.06s  
  Γ£ô superadmin dapat menghapuΓÇª 0.07s  
  Γ£ô superadmin dapat meresetΓÇª  0.10s  
  Γ£ô superadmin dapat memperbaΓÇª 0.08s  
  Γ£ô user tidak dapat dihapusΓÇª  0.07s  
  Γ£ô bulk force delete melompaΓÇª 0.07s  
  Γ£ô superadmin tidak dapat meΓÇª 0.06s  
  Γ£ô superadmin melihat link wΓÇª 0.09s  
  ΓöÇΓöÇΓöÇΓöÇΓöÇΓöÇΓöÇΓöÇΓöÇΓöÇΓöÇΓöÇΓöÇΓöÇΓöÇΓöÇΓöÇΓöÇΓöÇΓöÇΓöÇΓöÇΓöÇΓöÇΓöÇΓöÇΓöÇΓöÇΓöÇΓöÇΓöÇΓöÇΓöÇΓöÇ  
   FAILED  Tests\Feature\Profile\TΓÇª   
  Expected response status code [201, 301, 302, 303, 307, 308] but received 500.
Failed asserting that false is true.

  at tests\Feature\Profile\TesKasusBatasProfil.php:125
    121Γûò                 'email' => $this->user->email,
    122Γûò                 'avatar' => $avatar,
    123Γûò             ]);
    124Γûò 
  Γ₧£ 125Γûò         $response->assertRedirect();
    126Γûò     }
    127Γûò 
    128Γûò     // ΓöÇΓöÇ My Inventory (Profil borrow page) ΓöÇΓöÇΓöÇΓöÇΓöÇΓöÇΓöÇΓöÇΓöÇΓöÇΓöÇΓöÇΓöÇΓöÇΓöÇΓöÇΓöÇΓöÇΓöÇΓöÇΓöÇΓöÇΓöÇΓöÇ
    129Γûò


  Tests:    1 failed, 1 incomplete, 2 skipped, 653 passed (1614 assertions)
  Duration: 72.38s

